[2026-05-16 18:22:01] Starting video worker...
[2026-05-16 18:22:01] Worker started with PID 
/Users/eug_fx/Library/Python/3.9/lib/python/site-packages/urllib3/__init__.py:35: NotOpenSSLWarning: urllib3 v2 only supports OpenSSL 1.1.1+, currently the 'ssl' module is compiled with 'LibreSSL 2.8.3'. See: https://github.com/urllib3/urllib3/issues/3020
  warnings.warn(
[2026-05-16 18:25:15] Starting video worker...
[2026-05-16 18:25:15] Worker started with PID 63712
/Users/eug_fx/Library/Python/3.9/lib/python/site-packages/urllib3/__init__.py:35: NotOpenSSLWarning: urllib3 v2 only supports OpenSSL 1.1.1+, currently the 'ssl' module is compiled with 'LibreSSL 2.8.3'. See: https://github.com/urllib3/urllib3/issues/3020
  warnings.warn(
[2026-05-16 18:25:47] Starting video worker...
[2026-05-16 18:25:47] Worker started with PID 63803
/Users/eug_fx/Library/Python/3.9/lib/python/site-packages/urllib3/__init__.py:35: NotOpenSSLWarning: urllib3 v2 only supports OpenSSL 1.1.1+, currently the 'ssl' module is compiled with 'LibreSSL 2.8.3'. See: https://github.com/urllib3/urllib3/issues/3020
  warnings.warn(
Hermes Video Worker starting...
Database: postgresql://neondb_owner:npg_...
Higgsfield: connected
ElevenLabs: connected
Creatomate: connected
Polling every 60 seconds...

Worker error: column "updated_at" does not exist
LINE 1: ...M post_packages WHERE status='producing' ORDER BY updated_at...
                                                             ^
HINT:  Perhaps you meant to reference the column "post_packages.created_at".

[2026-05-16 18:26:36] Starting video worker...
[2026-05-16 18:26:36] Worker started with PID 63990
/Users/eug_fx/Library/Python/3.9/lib/python/site-packages/urllib3/__init__.py:35: NotOpenSSLWarning: urllib3 v2 only supports OpenSSL 1.1.1+, currently the 'ssl' module is compiled with 'LibreSSL 2.8.3'. See: https://github.com/urllib3/urllib3/issues/3020
  warnings.warn(
Hermes Video Worker starting...
Database: postgresql://neondb_owner:npg_...
Higgsfield: connected
ElevenLabs: connected
Creatomate: connected
Polling every 60 seconds...

[18:26:37] No packages in queue — waiting...
[18:27:38] No packages in queue — waiting...
[18:28:39] No packages in queue — waiting...
[18:29:40] No packages in queue — waiting...
[18:30:41] No packages in queue — waiting...
[18:31:42] No packages in queue — waiting...
[18:32:43] No packages in queue — waiting...
[18:33:43] No packages in queue — waiting...
[18:34:44] No packages in queue — waiting...
[18:35:45] No packages in queue — waiting...
[18:36:46] No packages in queue — waiting...
[18:37:47] No packages in queue — waiting...
[18:38:47] No packages in queue — waiting...
[18:39:48] No packages in queue — waiting...
[18:40:49] No packages in queue — waiting...
[18:41:50] No packages in queue — waiting...
[18:42:51] No packages in queue — waiting...
[18:43:52] No packages in queue — waiting...
[18:44:53] No packages in queue — waiting...
[18:45:53] No packages in queue — waiting...
[18:46:54] No packages in queue — waiting...
[18:47:55] No packages in queue — waiting...
[18:48:56] No packages in queue — waiting...
[18:49:57] No packages in queue — waiting...
[18:50:58] No packages in queue — waiting...
[18:51:59] No packages in queue — waiting...
[18:52:59] No packages in queue — waiting...
[18:54:00] No packages in queue — waiting...
[18:55:01] No packages in queue — waiting...
[18:56:03] No packages in queue — waiting...
[18:57:03] No packages in queue — waiting...
[18:58:04] No packages in queue — waiting...
[18:59:05] No packages in queue — waiting...
[19:00:06] No packages in queue — waiting...
[19:01:10] No packages in queue — waiting...
[19:02:11] No packages in queue — waiting...
[19:03:12] No packages in queue — waiting...
[19:04:12] No packages in queue — waiting...
[19:05:13] No packages in queue — waiting...
[19:06:14] No packages in queue — waiting...
[19:07:15] No packages in queue — waiting...
[19:08:16] No packages in queue — waiting...
[19:09:17] No packages in queue — waiting...
[19:10:18] No packages in queue — waiting...
